// Jest Snapshot v1, https://goo.gl/fbAQLP

exports[`<PlacesCount /> render Should PlacesCount render correctly 1`] = `
<b
  className="places__found"
>
  1
   
  place
   to stay in 
  Moscow
</b>
`;
