// Jest Snapshot v1, https://goo.gl/fbAQLP

exports[`withFavoritesLoading is rendered correctly 1`] = `<div />`;
