// Jest Snapshot v1, https://goo.gl/fbAQLP

exports[`<PrivateRoute /> render Should PrivateRoute render correctly 1`] = `null`;
