// Jest Snapshot v1, https://goo.gl/fbAQLP

exports[`withOfferLoading is rendered correctly 1`] = `<div />`;
