// Jest Snapshot v1, https://goo.gl/fbAQLP

exports[`withCommentsLoading is rendered correctly 1`] = `<div />`;
