// Jest Snapshot v1, https://goo.gl/fbAQLP

exports[`withBoardLoading is rendered correctly 1`] = `<div />`;
