// Jest Snapshot v1, https://goo.gl/fbAQLP

exports[`<WorldMap /> render Should WorldMap render correctly 1`] = `
<section
  className="cities__map map"
  id="map"
/>
`;
