// Jest Snapshot v1, https://goo.gl/fbAQLP

exports[`<App /> render Should App render correctly 1`] = `
<h1>
  dd
</h1>
`;
