// Jest Snapshot v1, https://goo.gl/fbAQLP

exports[`<FavoriteButtonSmall /> render Should FavoriteButton render correctly 1`] = `
<button
  className="place-card__bookmark-button button "
  onClick={[Function]}
  type="button"
>
  <svg
    className="place-card__bookmark-icon"
    height={19}
    width={18}
  >
    <use
      xlinkHref="#icon-bookmark"
    />
  </svg>
  <span
    className="visually-hidden"
  >
    In bookmarks
  </span>
</button>
`;
