// Jest Snapshot v1, https://goo.gl/fbAQLP

exports[`withNearbyLoading is rendered correctly 1`] = `<div />`;
